2026-05-26T14:42:41Z INF Thank you for trying Cloudflare Tunnel. Doing so, without a Cloudflare account, is a quick way to experiment and try it out. However, be aware that these account-less Tunnels have no uptime guarantee, are subject to the Cloudflare Online Services Terms of Use (https://www.cloudflare.com/website-terms/), and Cloudflare reserves the right to investigate your use of Tunnels for violations of such terms. If you intend to use Tunnels in production you should use a pre-created named tunnel by following: https://developers.cloudflare.com/cloudflare-one/connections/connect-apps
2026-05-26T14:42:41Z INF Requesting new quick Tunnel on trycloudflare.com...
2026-05-26T14:42:47Z INF +--------------------------------------------------------------------------------------------+
2026-05-26T14:42:47Z INF |  Your quick Tunnel has been created! Visit it at (it may take some time to be reachable):  |
2026-05-26T14:42:47Z INF |  https://insulation-instructions-submitted-union.trycloudflare.com                         |
2026-05-26T14:42:47Z INF +--------------------------------------------------------------------------------------------+
2026-05-26T14:42:47Z INF Cannot determine default configuration path. No file [config.yml config.yaml] in [~/.cloudflared ~/.cloudflare-warp ~/cloudflare-warp]
2026-05-26T14:42:47Z INF Version 2026.5.1 (Checksum 8b97b5af442651e07c52caa9c79c6f60032bc10b675c2b36dd11c7690d9942e3)
2026-05-26T14:42:47Z INF GOOS: windows, GOVersion: go1.26.3, GoArch: amd64
2026-05-26T14:42:47Z INF Settings: map[ha-connections:1 no-autoupdate:true protocol:quic url:http://localhost:5000]
2026-05-26T14:42:47Z INF cloudflared will not automatically update on Windows systems.
2026-05-26T14:42:47Z INF Generated Connector ID: 66a68898-0716-4335-bb18-31b24f626f06
2026-05-26T14:42:47Z INF Initial protocol quic
2026-05-26T14:42:47Z INF ICMP proxy will use 192.168.0.200 as source for IPv4
2026-05-26T14:42:47Z INF ICMP proxy will use fe80::f416:4eef:91f7:3a10 in zone Ethernet as source for IPv6
2026-05-26T14:42:47Z INF cloudflared does not support loading the system root certificate pool on Windows. Please use --origin-ca-pool <PATH> to specify the path to the certificate pool
2026-05-26T14:42:47Z INF ICMP proxy will use 192.168.0.200 as source for IPv4
2026-05-26T14:42:47Z INF Tunnel connection curve preferences: [X25519MLKEM768 CurveID(65074) CurveP256] connIndex=0 event=0 ip=198.41.192.107
2026-05-26T14:42:47Z INF ICMP proxy will use fe80::f416:4eef:91f7:3a10 in zone Ethernet as source for IPv6
2026-05-26T14:42:47Z INF Starting metrics server on 127.0.0.1:20241/metrics
2026-05-26T14:42:47Z INF precheck component="DNS Resolution" details="DNS Resolved successfully" run_id=5ecd50bc-a793-484b-8e48-0a34014fdcba status=pass target=region1.v2.argotunnel.com
2026-05-26T14:42:47Z INF precheck component="DNS Resolution" details="DNS Resolved successfully" run_id=5ecd50bc-a793-484b-8e48-0a34014fdcba status=pass target=region2.v2.argotunnel.com
2026-05-26T14:42:47Z INF precheck component="UDP Connectivity" details="QUIC connection successful" run_id=5ecd50bc-a793-484b-8e48-0a34014fdcba status=pass target=region1.v2.argotunnel.com
2026-05-26T14:42:47Z INF precheck component="UDP Connectivity" details="QUIC connection successful" run_id=5ecd50bc-a793-484b-8e48-0a34014fdcba status=pass target=region2.v2.argotunnel.com
2026-05-26T14:42:47Z INF precheck component="TCP Connectivity" details="HTTP/2 connection successful" run_id=5ecd50bc-a793-484b-8e48-0a34014fdcba status=pass target=region1.v2.argotunnel.com
2026-05-26T14:42:47Z INF precheck component="TCP Connectivity" details="HTTP/2 connection successful" run_id=5ecd50bc-a793-484b-8e48-0a34014fdcba status=pass target=region2.v2.argotunnel.com
2026-05-26T14:42:47Z INF precheck component="Cloudflare API" details="API is reachable" run_id=5ecd50bc-a793-484b-8e48-0a34014fdcba status=pass target=api.cloudflare.com:443
2026-05-26T14:42:47Z INF precheck complete hard_fail=false run_id=5ecd50bc-a793-484b-8e48-0a34014fdcba suggested_protocol=quic
2026-05-26T14:42:48Z INF Registered tunnel connection connIndex=0 connection=78f55657-2f7b-4d3e-855d-4423bfb87e86 event=0 ip=198.41.192.107 location=mrs01 protocol=quic
2026-05-26T17:12:52Z ERR Failed to refresh DNS local resolver error="lookup region1.v2.argotunnel.com: i/o timeout"
2026-05-26T20:12:58Z ERR Failed to refresh DNS local resolver error="lookup region1.v2.argotunnel.com: i/o timeout"
2026-05-27T09:53:09Z ERR Failed to refresh DNS local resolver error="lookup region1.v2.argotunnel.com: i/o timeout"
2026-05-27T14:42:48Z WRN Your version 2026.5.1 is outdated. We recommend upgrading it to 2026.5.2
2026-05-27T17:08:16Z ERR Failed to refresh DNS local resolver error="lookup region1.v2.argotunnel.com: i/o timeout"
2026-05-28T10:28:28Z ERR Failed to refresh DNS local resolver error="lookup region1.v2.argotunnel.com: i/o timeout"
2026-05-28T12:58:33Z ERR Failed to refresh DNS local resolver error="lookup region1.v2.argotunnel.com: i/o timeout"
2026-05-28T14:08:39Z ERR Failed to refresh DNS local resolver error="lookup region1.v2.argotunnel.com: i/o timeout"
2026-05-28T14:42:50Z WRN Your version 2026.5.1 is outdated. We recommend upgrading it to 2026.5.2
2026-05-28T15:58:44Z ERR Failed to refresh DNS local resolver error="lookup region1.v2.argotunnel.com: i/o timeout"
2026-05-28T16:08:49Z ERR Failed to refresh DNS local resolver error="lookup region1.v2.argotunnel.com: i/o timeout"
2026-05-28T18:08:55Z ERR Failed to refresh DNS local resolver error="lookup region1.v2.argotunnel.com: i/o timeout"
2026-05-28T18:39:00Z ERR Failed to refresh DNS local resolver error="lookup region1.v2.argotunnel.com: i/o timeout"
2026-05-28T19:59:05Z ERR Failed to refresh DNS local resolver error="lookup region1.v2.argotunnel.com: i/o timeout"
2026-05-28T20:14:10Z ERR Failed to refresh DNS local resolver error="lookup region1.v2.argotunnel.com: i/o timeout"
2026-05-28T21:09:15Z ERR Failed to refresh DNS local resolver error="lookup region1.v2.argotunnel.com: i/o timeout"
2026-05-28T21:14:20Z ERR Failed to refresh DNS local resolver error="lookup region1.v2.argotunnel.com: i/o timeout"
2026-05-28T21:19:25Z ERR Failed to refresh DNS local resolver error="lookup region1.v2.argotunnel.com: i/o timeout"
2026-05-28T21:34:30Z ERR Failed to refresh DNS local resolver error="lookup region1.v2.argotunnel.com: i/o timeout"
2026-05-28T22:49:36Z ERR Failed to refresh DNS local resolver error="lookup region1.v2.argotunnel.com: i/o timeout"
2026-05-28T23:09:41Z ERR Failed to refresh DNS local resolver error="lookup region1.v2.argotunnel.com: i/o timeout"
2026-05-28T23:14:46Z ERR Failed to refresh DNS local resolver error="lookup region1.v2.argotunnel.com: i/o timeout"
2026-05-28T23:49:51Z ERR Failed to refresh DNS local resolver error="lookup region1.v2.argotunnel.com: i/o timeout"
2026-05-29T00:49:56Z ERR Failed to refresh DNS local resolver error="lookup region1.v2.argotunnel.com: i/o timeout"
2026-05-29T01:40:01Z ERR Failed to refresh DNS local resolver error="lookup region1.v2.argotunnel.com: i/o timeout"
2026-05-29T08:50:11Z ERR Failed to refresh DNS local resolver error="lookup region1.v2.argotunnel.com: i/o timeout"
2026-05-29T10:00:16Z ERR Failed to refresh DNS local resolver error="lookup region1.v2.argotunnel.com: i/o timeout"
2026-05-29T10:10:21Z ERR Failed to refresh DNS local resolver error="lookup region1.v2.argotunnel.com: i/o timeout"
2026-05-29T13:10:26Z ERR Failed to refresh DNS local resolver error="lookup region1.v2.argotunnel.com: i/o timeout"
2026-05-29T14:10:32Z ERR Failed to refresh DNS local resolver error="lookup region1.v2.argotunnel.com: i/o timeout"
2026-05-29T14:42:51Z WRN Your version 2026.5.1 is outdated. We recommend upgrading it to 2026.5.2
2026-05-29T14:50:37Z ERR Failed to refresh DNS local resolver error="lookup region1.v2.argotunnel.com: i/o timeout"
2026-05-29T17:50:42Z ERR Failed to refresh DNS local resolver error="lookup region1.v2.argotunnel.com: i/o timeout"
2026-05-29T18:10:47Z ERR Failed to refresh DNS local resolver error="lookup region1.v2.argotunnel.com: i/o timeout"
2026-05-29T18:50:52Z ERR Failed to refresh DNS local resolver error="lookup region1.v2.argotunnel.com: i/o timeout"
2026-05-29T19:15:57Z ERR Failed to refresh DNS local resolver error="lookup region1.v2.argotunnel.com: i/o timeout"
2026-05-29T20:51:03Z ERR Failed to refresh DNS local resolver error="lookup region1.v2.argotunnel.com: i/o timeout"
2026-05-30T00:51:08Z ERR Failed to refresh DNS local resolver error="lookup region1.v2.argotunnel.com: i/o timeout"
2026-05-30T03:36:14Z ERR Failed to refresh DNS local resolver error="lookup region1.v2.argotunnel.com: i/o timeout"
2026-05-30T03:51:19Z ERR Failed to refresh DNS local resolver error="lookup region1.v2.argotunnel.com: i/o timeout"
2026-05-30T04:31:24Z ERR Failed to refresh DNS local resolver error="lookup region1.v2.argotunnel.com: i/o timeout"
2026-05-30T04:51:30Z ERR Failed to refresh DNS local resolver error="lookup region1.v2.argotunnel.com: i/o timeout"
2026-05-30T09:31:39Z ERR Failed to refresh DNS local resolver error="lookup region1.v2.argotunnel.com: i/o timeout"
2026-05-30T09:46:44Z ERR Failed to refresh DNS local resolver error="lookup region1.v2.argotunnel.com: i/o timeout"
2026-05-30T13:16:50Z ERR Failed to refresh DNS local resolver error="lookup region1.v2.argotunnel.com: i/o timeout"
2026-05-30T14:42:52Z WRN Your version 2026.5.1 is outdated. We recommend upgrading it to 2026.5.2
2026-05-30T18:11:56Z ERR Failed to refresh DNS local resolver error="lookup region1.v2.argotunnel.com: i/o timeout"
2026-05-30T18:27:01Z ERR Failed to refresh DNS local resolver error="lookup region1.v2.argotunnel.com: i/o timeout"
2026-05-30T19:12:06Z ERR Failed to refresh DNS local resolver error="lookup region1.v2.argotunnel.com: i/o timeout"
2026-05-30T19:17:11Z ERR Failed to refresh DNS local resolver error="lookup region1.v2.argotunnel.com: i/o timeout"
2026-05-30T19:37:16Z ERR Failed to refresh DNS local resolver error="lookup region1.v2.argotunnel.com: i/o timeout"
2026-05-30T20:00:01Z ERR  error="Unable to reach the origin service. The service may be down or it may not be responding to traffic from cloudflared: dial tcp [::1]:5000: connectex: No connection could be made because the target machine actively refused it." connIndex=0 event=1 ingressRule=0 originService=http://localhost:5000
2026-05-30T20:00:01Z ERR Request failed error="Unable to reach the origin service. The service may be down or it may not be responding to traffic from cloudflared: dial tcp [::1]:5000: connectex: No connection could be made because the target machine actively refused it." connIndex=0 dest=http://insulation-instructions-submitted-union.trycloudflare.com/ event=0 ip=198.41.192.107 type=http
2026-05-30T20:07:21Z ERR Failed to refresh DNS local resolver error="lookup region1.v2.argotunnel.com: i/o timeout"
2026-05-30T21:32:26Z ERR Failed to refresh DNS local resolver error="lookup region1.v2.argotunnel.com: i/o timeout"
2026-05-30T21:52:31Z ERR Failed to refresh DNS local resolver error="lookup region1.v2.argotunnel.com: i/o timeout"
2026-05-30T22:07:36Z ERR Failed to refresh DNS local resolver error="lookup region1.v2.argotunnel.com: i/o timeout"
2026-05-30T22:37:42Z ERR Failed to refresh DNS local resolver error="lookup region1.v2.argotunnel.com: i/o timeout"
2026-05-31T01:37:47Z ERR Failed to refresh DNS local resolver error="lookup region1.v2.argotunnel.com: i/o timeout"
2026-05-31T02:07:52Z ERR Failed to refresh DNS local resolver error="lookup region1.v2.argotunnel.com: i/o timeout"
2026-05-31T03:37:58Z ERR Failed to refresh DNS local resolver error="lookup region1.v2.argotunnel.com: i/o timeout"
2026-05-31T04:08:03Z ERR Failed to refresh DNS local resolver error="lookup region1.v2.argotunnel.com: i/o timeout"
2026-05-31T04:28:08Z ERR Failed to refresh DNS local resolver error="lookup region1.v2.argotunnel.com: i/o timeout"
2026-05-31T04:38:13Z ERR Failed to refresh DNS local resolver error="lookup region1.v2.argotunnel.com: i/o timeout"
2026-05-31T05:38:18Z ERR Failed to refresh DNS local resolver error="lookup region1.v2.argotunnel.com: i/o timeout"
2026-05-31T05:58:23Z ERR Failed to refresh DNS local resolver error="lookup region1.v2.argotunnel.com: i/o timeout"
2026-05-31T07:53:28Z ERR Failed to refresh DNS local resolver error="lookup region1.v2.argotunnel.com: i/o timeout"
2026-05-31T08:28:36Z ERR Failed to refresh DNS local resolver error="lookup region1.v2.argotunnel.com: i/o timeout"
2026-05-31T09:43:41Z ERR Failed to refresh DNS local resolver error="lookup region1.v2.argotunnel.com: i/o timeout"
2026-05-31T09:53:46Z ERR Failed to refresh DNS local resolver error="lookup region1.v2.argotunnel.com: i/o timeout"
2026-05-31T10:38:51Z ERR Failed to refresh DNS local resolver error="lookup region1.v2.argotunnel.com: i/o timeout"
2026-05-31T10:53:57Z ERR Failed to refresh DNS local resolver error="lookup region1.v2.argotunnel.com: i/o timeout"
2026-05-31T11:24:02Z ERR Failed to refresh DNS local resolver error="lookup region1.v2.argotunnel.com: i/o timeout"
2026-05-31T11:29:07Z ERR Failed to refresh DNS local resolver error="lookup region1.v2.argotunnel.com: i/o timeout"
2026-05-31T12:24:12Z ERR Failed to refresh DNS local resolver error="lookup region1.v2.argotunnel.com: i/o timeout"
2026-05-31T14:42:54Z WRN Your version 2026.5.1 is outdated. We recommend upgrading it to 2026.5.2
2026-05-31T15:09:17Z ERR Failed to refresh DNS local resolver error="lookup region1.v2.argotunnel.com: i/o timeout"
2026-05-31T15:29:22Z ERR Failed to refresh DNS local resolver error="lookup region1.v2.argotunnel.com: i/o timeout"
2026-05-31T16:39:28Z ERR Failed to refresh DNS local resolver error="lookup region1.v2.argotunnel.com: i/o timeout"
2026-05-31T16:49:33Z ERR Failed to refresh DNS local resolver error="lookup region1.v2.argotunnel.com: i/o timeout"
2026-05-31T17:04:38Z ERR Failed to refresh DNS local resolver error="lookup region1.v2.argotunnel.com: i/o timeout"
2026-05-31T17:09:43Z ERR Failed to refresh DNS local resolver error="lookup region1.v2.argotunnel.com: i/o timeout"
2026-05-31T18:09:48Z ERR Failed to refresh DNS local resolver error="lookup region1.v2.argotunnel.com: i/o timeout"
2026-05-31T18:49:53Z ERR Failed to refresh DNS local resolver error="lookup region1.v2.argotunnel.com: i/o timeout"
2026-05-31T19:09:58Z ERR Failed to refresh DNS local resolver error="lookup region1.v2.argotunnel.com: i/o timeout"
2026-05-31T19:20:03Z ERR Failed to refresh DNS local resolver error="lookup region1.v2.argotunnel.com: i/o timeout"
2026-05-31T19:40:08Z ERR Failed to refresh DNS local resolver error="lookup region1.v2.argotunnel.com: i/o timeout"
2026-05-31T20:40:13Z ERR Failed to refresh DNS local resolver error="lookup region1.v2.argotunnel.com: i/o timeout"
2026-05-31T22:40:19Z ERR Failed to refresh DNS local resolver error="lookup region1.v2.argotunnel.com: i/o timeout"
2026-05-31T23:40:24Z ERR Failed to refresh DNS local resolver error="lookup region1.v2.argotunnel.com: i/o timeout"
2026-05-31T23:55:29Z ERR Failed to refresh DNS local resolver error="lookup region1.v2.argotunnel.com: i/o timeout"
2026-06-01T00:55:34Z ERR Failed to refresh DNS local resolver error="lookup region1.v2.argotunnel.com: i/o timeout"
2026-06-01T01:35:39Z ERR Failed to refresh DNS local resolver error="lookup region1.v2.argotunnel.com: i/o timeout"
2026-06-01T01:50:44Z ERR Failed to refresh DNS local resolver error="lookup region1.v2.argotunnel.com: i/o timeout"
2026-06-01T04:15:50Z ERR Failed to refresh DNS local resolver error="lookup region1.v2.argotunnel.com: i/o timeout"
2026-06-01T04:40:55Z ERR Failed to refresh DNS local resolver error="lookup region1.v2.argotunnel.com: i/o timeout"
2026-06-01T04:51:00Z ERR Failed to refresh DNS local resolver error="lookup region1.v2.argotunnel.com: i/o timeout"
2026-06-01T05:21:05Z ERR Failed to refresh DNS local resolver error="lookup region1.v2.argotunnel.com: i/o timeout"
2026-06-01T05:41:10Z ERR Failed to refresh DNS local resolver error="lookup region1.v2.argotunnel.com: i/o timeout"
2026-06-01T06:16:15Z ERR Failed to refresh DNS local resolver error="lookup region1.v2.argotunnel.com: i/o timeout"
2026-06-01T06:21:20Z ERR Failed to refresh DNS local resolver error="lookup region1.v2.argotunnel.com: i/o timeout"
2026-06-01T06:46:25Z ERR Failed to refresh DNS local resolver error="lookup region1.v2.argotunnel.com: i/o timeout"
2026-06-01T07:06:30Z ERR Failed to refresh DNS local resolver error="lookup region1.v2.argotunnel.com: i/o timeout"
2026-06-01T10:46:40Z ERR Failed to refresh DNS local resolver error="lookup region1.v2.argotunnel.com: i/o timeout"
2026-06-01T11:16:45Z ERR Failed to refresh DNS local resolver error="lookup region1.v2.argotunnel.com: i/o timeout"
2026-06-01T14:42:55Z WRN Your version 2026.5.1 is outdated. We recommend upgrading it to 2026.5.2
2026-06-01T20:01:03Z ERR  error="Unable to reach the origin service. The service may be down or it may not be responding to traffic from cloudflared: dial tcp [::1]:5000: connectex: No connection could be made because the target machine actively refused it." connIndex=0 event=1 ingressRule=0 originService=http://localhost:5000
2026-06-01T20:01:03Z ERR Request failed error="Unable to reach the origin service. The service may be down or it may not be responding to traffic from cloudflared: dial tcp [::1]:5000: connectex: No connection could be made because the target machine actively refused it." connIndex=0 dest=http://insulation-instructions-submitted-union.trycloudflare.com/ event=0 ip=198.41.192.107 type=http
2026-06-02T05:46:53Z ERR Failed to refresh DNS local resolver error="lookup region1.v2.argotunnel.com: i/o timeout"
2026-06-02T06:41:59Z ERR Failed to refresh DNS local resolver error="lookup region1.v2.argotunnel.com: i/o timeout"
2026-06-02T08:22:04Z ERR Failed to refresh DNS local resolver error="lookup region1.v2.argotunnel.com: i/o timeout"
2026-06-02T08:57:12Z ERR Failed to refresh DNS local resolver error="lookup region1.v2.argotunnel.com: i/o timeout"
2026-06-02T09:02:17Z ERR Failed to refresh DNS local resolver error="lookup region1.v2.argotunnel.com: i/o timeout"
2026-06-02T09:32:22Z ERR Failed to refresh DNS local resolver error="lookup region1.v2.argotunnel.com: i/o timeout"
2026-06-02T09:57:27Z ERR Failed to refresh DNS local resolver error="lookup region1.v2.argotunnel.com: i/o timeout"
2026-06-02T10:57:33Z ERR Failed to refresh DNS local resolver error="lookup region1.v2.argotunnel.com: i/o timeout"
2026-06-02T11:02:38Z ERR Failed to refresh DNS local resolver error="lookup region1.v2.argotunnel.com: i/o timeout"
2026-06-02T11:12:43Z ERR Failed to refresh DNS local resolver error="lookup region1.v2.argotunnel.com: i/o timeout"
